>mir1,mir1idealizedpurinestrand5to3,156.00,-185.88,3 21,12 33,19,63.16%,63.16%,uAUGUAUGAAGAAAUGUAAGgu, $ $ $ $$$ $ $ $ $$$  ,tAGGAAAGAAAAGAAGAAAGaa,antiparallel,direct,purine
>mir1,mir1idealizedpurinestrand5to3,156.00,-185.88,3 21,12 33,19,63.16%,63.16%,uAUGUAUGAAGAAAUGUAAGgu, $ $ $ $$$ $ $ $ $$$  ,tAGGAAAGAAAAGAAGAAAGaa,antiparallel,direct,purine
