{
"run_info": {"version": "0.4.8", "build_time": "Tue Jan 14 15:15:02 CST 2014", "build_sha": "73e3cc089e5ca7f8bbbb78b724bbd738bb438704", "run_time": "Tue Jan 14 15:15:02 2014"},
"data": [
{
	"query_id": "hsa-miR-483-5p",
	"reference_id": "DNA",
	"score": 260.00,
	"energy": null,
	"query_start": 2,
	"query_end": 22,
	"ref_start": 12,
	"ref_end": 12,
	"alignment_length": 21,
	"identity": 76.19,
	"similarity": 76.19
}
,
{
	"query_id": "hsa-miR-483-5p",
	"reference_id": "DNA",
	"score": 176.00,
	"energy": null,
	"query_start": 6,
	"query_end": 22,
	"ref_start": 9,
	"ref_end": 9,
	"alignment_length": 18,
	"identity": 72.22,
	"similarity": 72.22
}
] }
